// Jest Snapshot v1, https://goo.gl/fbAQLP

exports[`<FooterComponent /> FooterComponent Snapshot 1`] = `
<footer
  className="footer"
>
  Â© Copyright 2019 ThoughtWorks
</footer>
`;
